Archive member included to satisfy reference by file (symbol)

D:/Programs/Education/STM32/Tools/Xpack/bin/../lib/gcc/arm-none-eabi/13.2.1/../../../../arm-none-eabi/lib/thumb/v7-m/nofp\libc_nano.a(libc_a-atexit.o)
                              D:/Programs/Education/STM32/Tools/Xpack/bin/../lib/gcc/arm-none-eabi/13.2.1/../../../../arm-none-eabi/lib/thumb/v7-m/nofp/crt0.o (atexit)
D:/Programs/Education/STM32/Tools/Xpack/bin/../lib/gcc/arm-none-eabi/13.2.1/../../../../arm-none-eabi/lib/thumb/v7-m/nofp\libc_nano.a(libc_a-exit.o)
                              D:/Programs/Education/STM32/Tools/Xpack/bin/../lib/gcc/arm-none-eabi/13.2.1/../../../../arm-none-eabi/lib/thumb/v7-m/nofp/crt0.o (exit)
D:/Programs/Education/STM32/Tools/Xpack/bin/../lib/gcc/arm-none-eabi/13.2.1/../../../../arm-none-eabi/lib/thumb/v7-m/nofp\libc_nano.a(libc_a-findfp.o)
                              D:/Programs/Education/STM32/Tools/Xpack/bin/../lib/gcc/arm-none-eabi/13.2.1/../../../../arm-none-eabi/lib/thumb/v7-m/nofp\libc_nano.a(libc_a-exit.o) (__stdio_exit_handler)
D:/Programs/Education/STM32/Tools/Xpack/bin/../lib/gcc/arm-none-eabi/13.2.1/../../../../arm-none-eabi/lib/thumb/v7-m/nofp\libc_nano.a(libc_a-fwalk.o)
                              D:/Programs/Education/STM32/Tools/Xpack/bin/../lib/gcc/arm-none-eabi/13.2.1/../../../../arm-none-eabi/lib/thumb/v7-m/nofp\libc_nano.a(libc_a-findfp.o) (_fwalk_sglue)
D:/Programs/Education/STM32/Tools/Xpack/bin/../lib/gcc/arm-none-eabi/13.2.1/../../../../arm-none-eabi/lib/thumb/v7-m/nofp\libc_nano.a(libc_a-stdio.o)
                              D:/Programs/Education/STM32/Tools/Xpack/bin/../lib/gcc/arm-none-eabi/13.2.1/../../../../arm-none-eabi/lib/thumb/v7-m/nofp\libc_nano.a(libc_a-findfp.o) (__sread)
D:/Programs/Education/STM32/Tools/Xpack/bin/../lib/gcc/arm-none-eabi/13.2.1/../../../../arm-none-eabi/lib/thumb/v7-m/nofp\libc_nano.a(libc_a-memset.o)
                              D:/Programs/Education/STM32/Tools/Xpack/bin/../lib/gcc/arm-none-eabi/13.2.1/../../../../arm-none-eabi/lib/thumb/v7-m/nofp/crt0.o (memset)
D:/Programs/Education/STM32/Tools/Xpack/bin/../lib/gcc/arm-none-eabi/13.2.1/../../../../arm-none-eabi/lib/thumb/v7-m/nofp\libc_nano.a(libc_a-closer.o)
                              D:/Programs/Education/STM32/Tools/Xpack/bin/../lib/gcc/arm-none-eabi/13.2.1/../../../../arm-none-eabi/lib/thumb/v7-m/nofp\libc_nano.a(libc_a-stdio.o) (_close_r)
D:/Programs/Education/STM32/Tools/Xpack/bin/../lib/gcc/arm-none-eabi/13.2.1/../../../../arm-none-eabi/lib/thumb/v7-m/nofp\libc_nano.a(libc_a-reent.o)
                              D:/Programs/Education/STM32/Tools/Xpack/bin/../lib/gcc/arm-none-eabi/13.2.1/../../../../arm-none-eabi/lib/thumb/v7-m/nofp\libc_nano.a(libc_a-closer.o) (errno)
D:/Programs/Education/STM32/Tools/Xpack/bin/../lib/gcc/arm-none-eabi/13.2.1/../../../../arm-none-eabi/lib/thumb/v7-m/nofp\libc_nano.a(libc_a-impure.o)
                              D:/Programs/Education/STM32/Tools/Xpack/bin/../lib/gcc/arm-none-eabi/13.2.1/../../../../arm-none-eabi/lib/thumb/v7-m/nofp\libc_nano.a(libc_a-reent.o) (_impure_ptr)
D:/Programs/Education/STM32/Tools/Xpack/bin/../lib/gcc/arm-none-eabi/13.2.1/../../../../arm-none-eabi/lib/thumb/v7-m/nofp\libc_nano.a(libc_a-lseekr.o)
                              D:/Programs/Education/STM32/Tools/Xpack/bin/../lib/gcc/arm-none-eabi/13.2.1/../../../../arm-none-eabi/lib/thumb/v7-m/nofp\libc_nano.a(libc_a-stdio.o) (_lseek_r)
D:/Programs/Education/STM32/Tools/Xpack/bin/../lib/gcc/arm-none-eabi/13.2.1/../../../../arm-none-eabi/lib/thumb/v7-m/nofp\libc_nano.a(libc_a-readr.o)
                              D:/Programs/Education/STM32/Tools/Xpack/bin/../lib/gcc/arm-none-eabi/13.2.1/../../../../arm-none-eabi/lib/thumb/v7-m/nofp\libc_nano.a(libc_a-stdio.o) (_read_r)
D:/Programs/Education/STM32/Tools/Xpack/bin/../lib/gcc/arm-none-eabi/13.2.1/../../../../arm-none-eabi/lib/thumb/v7-m/nofp\libc_nano.a(libc_a-writer.o)
                              D:/Programs/Education/STM32/Tools/Xpack/bin/../lib/gcc/arm-none-eabi/13.2.1/../../../../arm-none-eabi/lib/thumb/v7-m/nofp\libc_nano.a(libc_a-stdio.o) (_write_r)
D:/Programs/Education/STM32/Tools/Xpack/bin/../lib/gcc/arm-none-eabi/13.2.1/../../../../arm-none-eabi/lib/thumb/v7-m/nofp\libc_nano.a(libc_a-errno.o)
                              build_F103C8/syscalls.o (__errno)
D:/Programs/Education/STM32/Tools/Xpack/bin/../lib/gcc/arm-none-eabi/13.2.1/../../../../arm-none-eabi/lib/thumb/v7-m/nofp\libc_nano.a(libc_a-init.o)
                              D:/Programs/Education/STM32/Tools/Xpack/bin/../lib/gcc/arm-none-eabi/13.2.1/../../../../arm-none-eabi/lib/thumb/v7-m/nofp/crt0.o (__libc_init_array)
D:/Programs/Education/STM32/Tools/Xpack/bin/../lib/gcc/arm-none-eabi/13.2.1/../../../../arm-none-eabi/lib/thumb/v7-m/nofp\libc_nano.a(libc_a-fini.o)
[...]
Memory Configuration

Name             Origin             Length             Attributes
RAM              0x20000000         0x00005000         xrw
FLASH            0x08000000         0x00010000         xr
*default*        0x00000000         0xffffffff

Linker script and memory map

LOAD D:/Programs/Education/STM32/Tools/Xpack/bin/../lib/gcc/arm-none-eabi/13.2.1/thumb/v7-m/nofp/crti.o
LOAD D:/Programs/Education/STM32/Tools/Xpack/bin/../lib/gcc/arm-none-eabi/13.2.1/thumb/v7-m/nofp/crtbegin.o
LOAD D:/Programs/Education/STM32/Tools/Xpack/bin/../lib/gcc/arm-none-eabi/13.2.1/../../../../arm-none-eabi/lib/thumb/v7-m/nofp/crt0.o
LOAD build_F103C8/system_stm32f1xx.o
LOAD build_F103C8/syscalls.o
LOAD build_F103C8/sysmem.o
LOAD build_F103C8/main.o
LOAD build_F103C8/startup_stm32f103xb.o
LOAD D:/Programs/Education/STM32/Tools/Xpack/bin/../lib/gcc/arm-none-eabi/13.2.1/../../../../arm-none-eabi/lib/thumb/v7-m/nofp\libc_nano.a
LOAD D:/Programs/Education/STM32/Tools/Xpack/bin/../lib/gcc/arm-none-eabi/13.2.1/../../../../arm-none-eabi/lib/thumb/v7-m/nofp\libm.a
LOAD D:/Programs/Education/STM32/Tools/Xpack/bin/../lib/gcc/arm-none-eabi/13.2.1/../../../../arm-none-eabi/lib/thumb/v7-m/nofp\libnosys.a
START GROUP
LOAD D:/Programs/Education/STM32/Tools/Xpack/bin/../lib/gcc/arm-none-eabi/13.2.1/thumb/v7-m/nofp\libgcc.a
LOAD D:/Programs/Education/STM32/Tools/Xpack/bin/../lib/gcc/arm-none-eabi/13.2.1/../../../../arm-none-eabi/lib/thumb/v7-m/nofp\libc_nano.a
END GROUP
START GROUP
LOAD D:/Programs/Education/STM32/Tools/Xpack/bin/../lib/gcc/arm-none-eabi/13.2.1/thumb/v7-m/nofp\libgcc.a
LOAD D:/Programs/Education/STM32/Tools/Xpack/bin/../lib/gcc/arm-none-eabi/13.2.1/../../../../arm-none-eabi/lib/thumb/v7-m/nofp\libc_nano.a
END GROUP
LOAD D:/Programs/Education/STM32/Tools/Xpack/bin/../lib/gcc/arm-none-eabi/13.2.1/thumb/v7-m/nofp/crtend.o
LOAD D:/Programs/Education/STM32/Tools/Xpack/bin/../lib/gcc/arm-none-eabi/13.2.1/thumb/v7-m/nofp/crtn.o
                0x20005000                        _estack = (ORIGIN (RAM) + LENGTH (RAM))
                0x00000200                        _Min_Heap_Size = 0x200
                0x00000400                        _Min_Stack_Size = 0x400

.isr_vector     0x08000000      0x10c
                0x08000000                        . = ALIGN (0x4)
 *(.isr_vector)
 .isr_vector    0x08000000      0x10c build_F103C8/startup_stm32f103xb.o
                0x08000000                g_pfnVectors
                0x0800010c                        . = ALIGN (0x4)

.text           0x0800010c      0x87c
                0x0800010c                        . = ALIGN (0x4)
 *(.text)
 .text          0x0800010c      0x168 D:/Programs/Education/STM32/Tools/Xpack/bin/../lib/gcc/arm-none-eabi/13.2.1/thumb/v7-m/nofp\libgcc.a(_arm_mulsf3.o)
                0x0800010c                __aeabi_fmul
                0x0800010c                __mulsf3
 .text          0x08000274      0x21c D:/Programs/Education/STM32/Tools/Xpack/bin/../lib/gcc/arm-none-eabi/13.2.1/thumb/v7-m/nofp\libgcc.a(_arm_addsubsf3.o)
                0x08000274                __aeabi_frsub
                0x0800027c                __subsf3
                0x0800027c                __aeabi_fsub
                0x08000280                __aeabi_fadd
                0x08000280                __addsf3
                0x080003e0                __aeabi_ui2f
                0x080003e0                __floatunsisf
                0x080003e8                __aeabi_i2f
                0x080003e8                __floatsisf
                0x08000404                __aeabi_ul2f
                0x08000404                __floatundisf
                0x08000414                __aeabi_l2f
                0x08000414                __floatdisf
 .text          0x08000490       0xec D:/Programs/Education/STM32/Tools/Xpack/bin/../lib/gcc/arm-none-eabi/13.2.1/thumb/v7-m/nofp\libgcc.a(_arm_cmpsf2.o)
                0x08000490                __gesf2
                0x08000490                __gtsf2
                0x08000498                __lesf2
                0x08000498                __ltsf2
                0x080004a0                __nesf2
                0x080004a0                __eqsf2
                0x080004a0                __cmpsf2
                0x08000500                __aeabi_cfrcmple
                0x08000508                __aeabi_cfcmpeq
                0x08000508                __aeabi_cfcmple
                0x08000518                __aeabi_fcmpeq
                0x0800052c                __aeabi_fcmplt
                0x08000540                __aeabi_fcmple
                0x08000554                __aeabi_fcmpge
                0x08000568                __aeabi_fcmpgt
 *(.text*)
 .text.__do_global_dtors_aux
                0x0800057c       0x24 D:/Programs/Education/STM32/Tools/Xpack/bin/../lib/gcc/arm-none-eabi/13.2.1/thumb/v7-m/nofp/crtbegin.o
 .text.frame_dummy
                0x080005a0       0x1c D:/Programs/Education/STM32/Tools/Xpack/bin/../lib/gcc/arm-none-eabi/13.2.1/thumb/v7-m/nofp/crtbegin.o
 .text.SystemInit
                0x080005bc        0x2 build_F103C8/system_stm32f1xx.o
                0x080005bc                SystemInit
 *fill*         0x080005be        0x2 
 .text.TIM2_IRQHandler
                0x080005c0      0x178 build_F103C8/main.o
                0x080005c0                TIM2_IRQHandler
 .text.Clock_Config_72MHz
                0x08000738       0x5c build_F103C8/main.o
                0x08000738                Clock_Config_72MHz
 .text.Timer2_Init_1200Hz
                0x08000794       0x40 build_F103C8/main.o
                0x08000794                Timer2_Init_1200Hz
 .text.main     0x080007d4      0x108 build_F103C8/main.o
                0x080007d4                main
 .text.Reset_Handler
                0x080008dc       0x48 build_F103C8/startup_stm32f103xb.o
                0x080008dc                Reset_Handler
 .text.Default_Handler
                0x08000924        0x2 build_F103C8/startup_stm32f103xb.o
                0x08000924                RTC_Alarm_IRQHandler
                0x08000924                EXTI2_IRQHandler
                0x08000924                DebugMon_Handler
                0x08000924                TIM1_CC_IRQHandler
                0x08000924                HardFault_Handler
                0x08000924                SysTick_Handler
                0x08000924                PVD_IRQHandler
                0x08000924                PendSV_Handler
                0x08000924                NMI_Handler
                0x08000924                EXTI3_IRQHandler
                0x08000924                EXTI0_IRQHandler
                0x08000924                I2C2_EV_IRQHandler
                0x08000924                UsageFault_Handler
                0x08000924                ADC1_2_IRQHandler
                0x08000924                SPI1_IRQHandler
                0x08000924                TAMPER_IRQHandler
                0x08000924                DMA1_Channel4_IRQHandler
                0x08000924                USART3_IRQHandler
                0x08000924                RTC_IRQHandler
                0x08000924                DMA1_Channel7_IRQHandler
                0x08000924                CAN1_RX1_IRQHandler
                0x08000924                TIM4_IRQHandler
                0x08000924                I2C1_EV_IRQHandler
                0x08000924                DMA1_Channel6_IRQHandler
                0x08000924                TIM3_IRQHandler
                0x08000924                RCC_IRQHandler
                0x08000924                TIM1_TRG_COM_IRQHandler
                0x08000924                DMA1_Channel1_IRQHandler
                0x08000924                Default_Handler
                0x08000924                EXTI15_10_IRQHandler
                0x08000924                EXTI9_5_IRQHandler
                0x08000924                SPI2_IRQHandler
                0x08000924                MemManage_Handler
                0x08000924                SVC_Handler
                0x08000924                DMA1_Channel5_IRQHandler
                0x08000924                EXTI4_IRQHandler
                0x08000924                USB_LP_CAN1_RX0_IRQHandler
                0x08000924                USB_HP_CAN1_TX_IRQHandler
                0x08000924                DMA1_Channel3_IRQHandler
                0x08000924                TIM1_UP_IRQHandler
                0x08000924                WWDG_IRQHandler
                0x08000924                TIM1_BRK_IRQHandler
                0x08000924                EXTI1_IRQHandler
                0x08000924                USART2_IRQHandler
                0x08000924                I2C2_ER_IRQHandler
                0x08000924                DMA1_Channel2_IRQHandler
                0x08000924                CAN1_SCE_IRQHandler
                0x08000924                FLASH_IRQHandler
                0x08000924                BusFault_Handler
                0x08000924                USART1_IRQHandler
                0x08000924                I2C1_ER_IRQHandler
                0x08000924                USBWakeUp_IRQHandler
 *fill*         0x08000926        0x2 
 .text.__libc_init_array
                0x08000928       0x48 D:/Programs/Education/STM32/Tools/Xpack/bin/../lib/gcc/arm-none-eabi/13.2.1/../../../../arm-none-eabi/lib/thumb/v7-m/nofp\libc_nano.a(libc_a-init.o)
                0x08000928                __libc_init_array
 *(.glue_7)
 .glue_7        0x08000970        0x0 linker stubs
 *(.glue_7t)
 .glue_7t       0x08000970        0x0 linker stubs
 *(.eh_frame)
 .eh_frame      0x08000970        0x0 D:/Programs/Education/STM32/Tools/Xpack/bin/../lib/gcc/arm-none-eabi/13.2.1/thumb/v7-m/nofp/crtbegin.o
 *(.init)
 .init          0x08000970        0x4 D:/Programs/Education/STM32/Tools/Xpack/bin/../lib/gcc/arm-none-eabi/13.2.1/thumb/v7-m/nofp/crti.o
                0x08000970                _init
 .init          0x08000974        0x8 D:/Programs/Education/STM32/Tools/Xpack/bin/../lib/gcc/arm-none-eabi/13.2.1/thumb/v7-m/nofp/crtn.o
 *(.fini)
 .fini          0x0800097c        0x4 D:/Programs/Education/STM32/Tools/Xpack/bin/../lib/gcc/arm-none-eabi/13.2.1/thumb/v7-m/nofp/crti.o
                0x0800097c                _fini
 .fini          0x08000980        0x8 D:/Programs/Education/STM32/Tools/Xpack/bin/../lib/gcc/arm-none-eabi/13.2.1/thumb/v7-m/nofp/crtn.o
                0x08000988                        . = ALIGN (0x4)
                0x08000988                        _etext = .

.vfp11_veneer   0x08000988        0x0
 .vfp11_veneer  0x08000988        0x0 linker stubs

.v4_bx          0x08000988        0x0
 .v4_bx         0x08000988        0x0 linker stubs

.iplt           0x08000988        0x0
 .iplt          0x08000988        0x0 D:/Programs/Education/STM32/Tools/Xpack/bin/../lib/gcc/arm-none-eabi/13.2.1/thumb/v7-m/nofp/crtbegin.o

.rel.dyn        0x08000988        0x0
 .rel.iplt      0x08000988        0x0 D:/Programs/Education/STM32/Tools/Xpack/bin/../lib/gcc/arm-none-eabi/13.2.1/thumb/v7-m/nofp/crtbegin.o

.rodata         0x08000988        0x0
                0x08000988                        . = ALIGN (0x4)
 *(.rodata)
 *(.rodata*)
                0x08000988                        . = ALIGN (0x4)

.ARM.extab
 *(.ARM.extab* .gnu.linkonce.armextab.*)

.ARM            0x08000988        0x0
                0x08000988                        __exidx_start = .
 *(.ARM.exidx*)
                0x08000988                        __exidx_end = .

.preinit_array  0x08000988        0x0
                0x08000988                        PROVIDE (__preinit_array_start = .)
 *(.preinit_array*)
                0x08000988                        PROVIDE (__preinit_array_end = .)

.init_array     0x08000988        0x4
                0x08000988                        PROVIDE (__init_array_start = .)
 *(SORT_BY_NAME(.init_array.*))
 *(.init_array*)
 .init_array    0x08000988        0x4 D:/Programs/Education/STM32/Tools/Xpack/bin/../lib/gcc/arm-none-eabi/13.2.1/thumb/v7-m/nofp/crtbegin.o
                0x0800098c                        PROVIDE (__init_array_end = .)

.fini_array     0x0800098c        0x4
                0x0800098c                        PROVIDE (__fini_array_start = .)
 *(SORT_BY_NAME(.fini_array.*))
 *(.fini_array*)
 .fini_array    0x0800098c        0x4 D:/Programs/Education/STM32/Tools/Xpack/bin/../lib/gcc/arm-none-eabi/13.2.1/thumb/v7-m/nofp/crtbegin.o
                0x08000990                        PROVIDE (__fini_array_end = .)
                0x08000990                        _sidata = LOADADDR (.data)

.data           0x20000000        0x0 load address 0x08000990
                0x20000000                        . = ALIGN (0x4)
                0x20000000                        _sdata = .
 *(.data)
 *(.data*)
                0x20000000                        . = ALIGN (0x4)
                0x20000000                        _edata = .

.igot.plt       0x20000000        0x0 load address 0x08000990
 .igot.plt      0x20000000        0x0 D:/Programs/Education/STM32/Tools/Xpack/bin/../lib/gcc/arm-none-eabi/13.2.1/thumb/v7-m/nofp/crtbegin.o
                0x20000000                        . = ALIGN (0x4)

.bss            0x20000000       0x38 load address 0x08000990
                0x20000000                        _sbss = .
                0x20000000                        __bss_start__ = _sbss
 *(.bss)
 *(.bss*)
 .bss.completed.1
                0x20000000        0x1 D:/Programs/Education/STM32/Tools/Xpack/bin/../lib/gcc/arm-none-eabi/13.2.1/thumb/v7-m/nofp/crtbegin.o
 *fill*         0x20000001        0x3 
 .bss.object.0  0x20000004       0x18 D:/Programs/Education/STM32/Tools/Xpack/bin/../lib/gcc/arm-none-eabi/13.2.1/thumb/v7-m/nofp/crtbegin.o
 .bss.i_term2   0x2000001c        0x4 build_F103C8/main.o
                0x2000001c                i_term2
 .bss.i_term1   0x20000020        0x4 build_F103C8/main.o
                0x20000020                i_term1
 .bss.system_fault
                0x20000024        0x1 build_F103C8/main.o
                0x20000024                system_fault
 *fill*         0x20000025        0x3 
 .bss.current_x1
                0x20000028        0x4 build_F103C8/main.o
                0x20000028                current_x1
 .bss.Y4_st     0x2000002c        0x4 build_F103C8/main.o
                0x2000002c                Y4_st
 .bss.Y2_st     0x20000030        0x4 build_F103C8/main.o
                0x20000030                Y2_st
 .bss.Y1_st     0x20000034        0x4 build_F103C8/main.o
                0x20000034                Y1_st
 *(COMMON)
                0x20000038                        . = ALIGN (0x4)
                0x20000038                        _ebss = .
                0x20000038                        __bss_end__ = _ebss

._user_heap_stack
                0x20000038      0x600 load address 0x08000990
                0x20000038                        . = ALIGN (0x8)
                [!provide]                        PROVIDE (end = .)
                0x20000038                        PROVIDE (_end = .)
                0x20000238                        . = (. + _Min_Heap_Size)
 *fill*         0x20000038      0x200 
                0x20000638                        . = (. + _Min_Stack_Size)
 *fill*         0x20000238      0x400 
                0x20000638                        . = ALIGN (0x8)

/DISCARD/
 libc.a(*)
 libm.a(*)
 libgcc.a(*)

.ARM.attributes
                0x00000000       0x29
 *(.ARM.attributes)
 .ARM.attributes
                0x00000000       0x1d D:/Programs/Education/STM32/Tools/Xpack/bin/../lib/gcc/arm-none-eabi/13.2.1/thumb/v7-m/nofp/crti.o
 .ARM.attributes
                0x0000001d       0x2d D:/Programs/Education/STM32/Tools/Xpack/bin/../lib/gcc/arm-none-eabi/13.2.1/thumb/v7-m/nofp/crtbegin.o
 .ARM.attributes
                0x0000004a       0x2d build_F103C8/system_stm32f1xx.o
 .ARM.attributes
                0x00000077       0x2d build_F103C8/main.o
 .ARM.attributes
                0x000000a4       0x21 build_F103C8/startup_stm32f103xb.o
 .ARM.attributes
                0x000000c5       0x2d D:/Programs/Education/STM32/Tools/Xpack/bin/../lib/gcc/arm-none-eabi/13.2.1/../../../../arm-none-eabi/lib/thumb/v7-m/nofp\libc_nano.a(libc_a-init.o)
 .ARM.attributes
                0x000000f2       0x1d D:/Programs/Education/STM32/Tools/Xpack/bin/../lib/gcc/arm-none-eabi/13.2.1/thumb/v7-m/nofp\libgcc.a(_arm_mulsf3.o)
 .ARM.attributes
                0x0000010f       0x1d D:/Programs/Education/STM32/Tools/Xpack/bin/../lib/gcc/arm-none-eabi/13.2.1/thumb/v7-m/nofp\libgcc.a(_arm_addsubsf3.o)
 .ARM.attributes
                0x0000012c       0x1d D:/Programs/Education/STM32/Tools/Xpack/bin/../lib/gcc/arm-none-eabi/13.2.1/thumb/v7-m/nofp\libgcc.a(_arm_cmpsf2.o)
 .ARM.attributes
                0x00000149       0x1d D:/Programs/Education/STM32/Tools/Xpack/bin/../lib/gcc/arm-none-eabi/13.2.1/thumb/v7-m/nofp/crtn.o
OUTPUT(build_F103C8/STM32F103C8.elf elf32-littlearm)
LOAD linker stubs
LOAD D:/Programs/Education/STM32/Tools/Xpack/bin/../lib/gcc/arm-none-eabi/13.2.1/../../../../arm-none-eabi/lib/thumb/v7-m/nofp\libc.a
LOAD D:/Programs/Education/STM32/Tools/Xpack/bin/../lib/gcc/arm-none-eabi/13.2.1/../../../../arm-none-eabi/lib/thumb/v7-m/nofp\libm.a
LOAD D:/Programs/Education/STM32/Tools/Xpack/bin/../lib/gcc/arm-none-eabi/13.2.1/thumb/v7-m/nofp\libgcc.a

.comment        0x00000000       0x39
 .comment       0x00000000       0x39 D:/Programs/Education/STM32/Tools/Xpack/bin/../lib/gcc/arm-none-eabi/13.2.1/thumb/v7-m/nofp/crtbegin.o
                                 0x3a (size before relaxing)
 .comment       0x00000039       0x3a build_F103C8/system_stm32f1xx.o
 .comment       0x00000039       0x3a build_F103C8/main.o
 .comment       0x00000039       0x3a D:/Programs/Education/STM32/Tools/Xpack/bin/../lib/gcc/arm-none-eabi/13.2.1/../../../../arm-none-eabi/lib/thumb/v7-m/nofp\libc_nano.a(libc_a-init.o)

.debug_info     0x00000000     0x10c8
 .debug_info    0x00000000      0x267 build_F103C8/system_stm32f1xx.o
 .debug_info    0x00000267      0xc4d build_F103C8/main.o
 .debug_info    0x00000eb4       0x30 build_F103C8/startup_stm32f103xb.o
 .debug_info    0x00000ee4       0x3f D:/Programs/Education/STM32/Tools/Xpack/bin/../lib/gcc/arm-none-eabi/13.2.1/thumb/v7-m/nofp\libgcc.a(_arm_mulsf3.o)
 .debug_info    0x00000f23       0xca D:/Programs/Education/STM32/Tools/Xpack/bin/../lib/gcc/arm-none-eabi/13.2.1/thumb/v7-m/nofp\libgcc.a(_arm_addsubsf3.o)
 .debug_info    0x00000fed       0xdb D:/Programs/Education/STM32/Tools/Xpack/bin/../lib/gcc/arm-none-eabi/13.2.1/thumb/v7-m/nofp\libgcc.a(_arm_cmpsf2.o)

.debug_abbrev   0x00000000      0x3eb
 .debug_abbrev  0x00000000      0x140 build_F103C8/system_stm32f1xx.o
 .debug_abbrev  0x00000140      0x218 build_F103C8/main.o
 .debug_abbrev  0x00000358       0x1d build_F103C8/startup_stm32f103xb.o
 .debug_abbrev  0x00000375       0x26 D:/Programs/Education/STM32/Tools/Xpack/bin/../lib/gcc/arm-none-eabi/13.2.1/thumb/v7-m/nofp\libgcc.a(_arm_mulsf3.o)
 .debug_abbrev  0x0000039b       0x28 D:/Programs/Education/STM32/Tools/Xpack/bin/../lib/gcc/arm-none-eabi/13.2.1/thumb/v7-m/nofp\libgcc.a(_arm_addsubsf3.o)
 .debug_abbrev  0x000003c3       0x28 D:/Programs/Education/STM32/Tools/Xpack/bin/../lib/gcc/arm-none-eabi/13.2.1/thumb/v7-m/nofp\libgcc.a(_arm_cmpsf2.o)

.debug_loc      0x00000000      0x2a2
 .debug_loc     0x00000000      0x11b build_F103C8/system_stm32f1xx.o
 .debug_loc     0x0000011b      0x187 build_F103C8/main.o

.debug_aranges  0x00000000       0xe8
 .debug_aranges
                0x00000000       0x28 build_F103C8/system_stm32f1xx.o
 .debug_aranges
                0x00000028       0x38 build_F103C8/main.o
 .debug_aranges
                0x00000060       0x28 build_F103C8/startup_stm32f103xb.o
 .debug_aranges
                0x00000088       0x20 D:/Programs/Education/STM32/Tools/Xpack/bin/../lib/gcc/arm-none-eabi/13.2.1/thumb/v7-m/nofp\libgcc.a(_arm_mulsf3.o)
 .debug_aranges
                0x000000a8       0x20 D:/Programs/Education/STM32/Tools/Xpack/bin/../lib/gcc/arm-none-eabi/13.2.1/thumb/v7-m/nofp\libgcc.a(_arm_addsubsf3.o)
 .debug_aranges
                0x000000c8       0x20 D:/Programs/Education/STM32/Tools/Xpack/bin/../lib/gcc/arm-none-eabi/13.2.1/thumb/v7-m/nofp\libgcc.a(_arm_cmpsf2.o)

.debug_ranges   0x00000000       0x78
 .debug_ranges  0x00000000       0x18 build_F103C8/system_stm32f1xx.o
 .debug_ranges  0x00000018       0x40 build_F103C8/main.o
 .debug_ranges  0x00000058       0x20 build_F103C8/startup_stm32f103xb.o

.debug_line     0x00000000      0x972
 .debug_line    0x00000000      0x240 build_F103C8/system_stm32f1xx.o
 .debug_line    0x00000240      0x44e build_F103C8/main.o
 .debug_line    0x0000068e       0x8a build_F103C8/startup_stm32f103xb.o
 .debug_line    0x00000718       0xbd D:/Programs/Education/STM32/Tools/Xpack/bin/../lib/gcc/arm-none-eabi/13.2.1/thumb/v7-m/nofp\libgcc.a(_arm_mulsf3.o)
 .debug_line    0x000007d5      0x103 D:/Programs/Education/STM32/Tools/Xpack/bin/../lib/gcc/arm-none-eabi/13.2.1/thumb/v7-m/nofp\libgcc.a(_arm_addsubsf3.o)
 .debug_line    0x000008d8       0x9a D:/Programs/Education/STM32/Tools/Xpack/bin/../lib/gcc/arm-none-eabi/13.2.1/thumb/v7-m/nofp\libgcc.a(_arm_cmpsf2.o)

.debug_str      0x00000000      0x9c8
 .debug_str     0x00000000      0x9c8 build_F103C8/system_stm32f1xx.o
                                0x237 (size before relaxing)
 .debug_str     0x000009c8      0x707 build_F103C8/main.o
 .debug_str     0x000009c8       0x80 build_F103C8/startup_stm32f103xb.o
 .debug_str     0x000009c8      0x137 D:/Programs/Education/STM32/Tools/Xpack/bin/../lib/gcc/arm-none-eabi/13.2.1/thumb/v7-m/nofp\libgcc.a(_arm_mulsf3.o)
 .debug_str     0x000009c8      0x1c1 D:/Programs/Education/STM32/Tools/Xpack/bin/../lib/gcc/arm-none-eabi/13.2.1/thumb/v7-m/nofp\libgcc.a(_arm_addsubsf3.o)
 .debug_str     0x000009c8      0x1d6 D:/Programs/Education/STM32/Tools/Xpack/bin/../lib/gcc/arm-none-eabi/13.2.1/thumb/v7-m/nofp\libgcc.a(_arm_cmpsf2.o)

.debug_frame    0x00000000      0x1cc
 .debug_frame   0x00000000       0x30 build_F103C8/system_stm32f1xx.o
 .debug_frame   0x00000030       0x64 build_F103C8/main.o
 .debug_frame   0x00000094       0x24 D:/Programs/Education/STM32/Tools/Xpack/bin/../lib/gcc/arm-none-eabi/13.2.1/thumb/v7-m/nofp\libgcc.a(_arm_mulsf3.o)
 .debug_frame   0x000000b8       0x4c D:/Programs/Education/STM32/Tools/Xpack/bin/../lib/gcc/arm-none-eabi/13.2.1/thumb/v7-m/nofp\libgcc.a(_arm_addsubsf3.o)
 .debug_frame   0x00000104       0xc8 D:/Programs/Education/STM32/Tools/Xpack/bin/../lib/gcc/arm-none-eabi/13.2.1/thumb/v7-m/nofp\libgcc.a(_arm_cmpsf2.o)

.debug_line_str
                0x00000000      0x113
 .debug_line_str
                0x00000000      0x113 D:/Programs/Education/STM32/Tools/Xpack/bin/../lib/gcc/arm-none-eabi/13.2.1/thumb/v7-m/nofp\libgcc.a(_arm_mulsf3.o)
 .debug_line_str
                0x00000113      0x113 D:/Programs/Education/STM32/Tools/Xpack/bin/../lib/gcc/arm-none-eabi/13.2.1/thumb/v7-m/nofp\libgcc.a(_arm_addsubsf3.o)
 .debug_line_str
                0x00000113      0x113 D:/Programs/Education/STM32/Tools/Xpack/bin/../lib/gcc/arm-none-eabi/13.2.1/thumb/v7-m/nofp\libgcc.a(_arm_cmpsf2.o)

Cross Reference Table

Symbol                                            File
ADC1_2_IRQHandler                                 build_F103C8/startup_stm32f103xb.o
AHBPrescTable                                     build_F103C8/system_stm32f1xx.o
APBPrescTable                                     build_F103C8/system_stm32f1xx.o
BusFault_Handler                                  build_F103C8/startup_stm32f103xb.o
CAN1_RX1_IRQHandler                               build_F103C8/startup_stm32f103xb.o
CAN1_SCE_IRQHandler                               build_F103C8/startup_stm32f103xb.o
Clock_Config_72MHz                                build_F103C8/main.o
DMA1_Channel1_IRQHandler                          build_F103C8/startup_stm32f103xb.o
DMA1_Channel2_IRQHandler                          build_F103C8/startup_stm32f103xb.o
DMA1_Channel3_IRQHandler                          build_F103C8/startup_stm32f103xb.o
DMA1_Channel4_IRQHandler                          build_F103C8/startup_stm32f103xb.o
DMA1_Channel5_IRQHandler                          build_F103C8/startup_stm32f103xb.o
DMA1_Channel6_IRQHandler                          build_F103C8/startup_stm32f103xb.o
DMA1_Channel7_IRQHandler                          build_F103C8/startup_stm32f103xb.o
DebugMon_Handler                                  build_F103C8/startup_stm32f103xb.o
Default_Handler                                   build_F103C8/startup_stm32f103xb.o
EXTI0_IRQHandler                                  build_F103C8/startup_stm32f103xb.o
EXTI15_10_IRQHandler                              build_F103C8/startup_stm32f103xb.o
EXTI1_IRQHandler                                  build_F103C8/startup_stm32f103xb.o
EXTI2_IRQHandler                                  build_F103C8/startup_stm32f103xb.o
EXTI3_IRQHandler                                  build_F103C8/startup_stm32f103xb.o
EXTI4_IRQHandler                                  build_F103C8/startup_stm32f103xb.o
EXTI9_5_IRQHandler                                build_F103C8/startup_stm32f103xb.o
FLASH_IRQHandler                                  build_F103C8/startup_stm32f103xb.o
HardFault_Handler                                 build_F103C8/startup_stm32f103xb.o
I2C1_ER_IRQHandler                                build_F103C8/startup_stm32f103xb.o
I2C1_EV_IRQHandler                                build_F103C8/startup_stm32f103xb.o
I2C2_ER_IRQHandler                                build_F103C8/startup_stm32f103xb.o
I2C2_EV_IRQHandler                                build_F103C8/startup_stm32f103xb.o
MemManage_Handler                                 build_F103C8/startup_stm32f103xb.o
NMI_Handler                                       build_F103C8/startup_stm32f103xb.o
PVD_IRQHandler                                    build_F103C8/startup_stm32f103xb.o
PendSV_Handler                                    build_F103C8/startup_stm32f103xb.o
RCC_IRQHandler                                    build_F103C8/startup_stm32f103xb.o
RTC_Alarm_IRQHandler                              build_F103C8/startup_stm32f103xb.o
RTC_IRQHandler                                    build_F103C8/startup_stm32f103xb.o
Reset_Handler                                     build_F103C8/startup_stm32f103xb.o
SPI1_IRQHandler                                   build_F103C8/startup_stm32f103xb.o
SPI2_IRQHandler                                   build_F103C8/startup_stm32f103xb.o
SVC_Handler                                       build_F103C8/startup_stm32f103xb.o
SysTick_Handler                                   build_F103C8/startup_stm32f103xb.o
SystemCoreClock                                   build_F103C8/system_stm32f1xx.o
SystemCoreClockUpdate                             build_F103C8/system_stm32f1xx.o
SystemInit                                        build_F103C8/system_stm32f1xx.o
                                                  build_F103C8/startup_stm32f103xb.o
TAMPER_IRQHandler                                 build_F103C8/startup_stm32f103xb.o
TIM1_BRK_IRQHandler                               build_F103C8/startup_stm32f103xb.o
TIM1_CC_IRQHandler                                build_F103C8/startup_stm32f103xb.o
TIM1_TRG_COM_IRQHandler                           build_F103C8/startup_stm32f103xb.o
TIM1_UP_IRQHandler                                build_F103C8/startup_stm32f103xb.o
TIM2_IRQHandler                                   build_F103C8/main.o
TIM3_IRQHandler                                   build_F103C8/startup_stm32f103xb.o
TIM4_IRQHandler                                   build_F103C8/startup_stm32f103xb.o
Timer2_Init_1200Hz                                build_F103C8/main.o
USART1_IRQHandler                                 build_F103C8/startup_stm32f103xb.o
USART2_IRQHandler                                 build_F103C8/startup_stm32f103xb.o
USART3_IRQHandler                                 build_F103C8/startup_stm32f103xb.o
USBWakeUp_IRQHandler                              build_F103C8/startup_stm32f103xb.o
USB_HP_CAN1_TX_IRQHandler                         build_F103C8/startup_stm32f103xb.o
USB_LP_CAN1_RX0_IRQHandler                        build_F103C8/startup_stm32f103xb.o
UsageFault_Handler                                build_F103C8/startup_stm32f103xb.o
WWDG_IRQHandler                                   build_F103C8/startup_stm32f103xb.o
Y1_st                                             build_F103C8/main.o
Y2_st                                             build_F103C8/main.o
Y4_st                                             build_F103C8/main.o
_Min_Stack_Size                                   build_F103C8/sysmem.o
__addsf3                                          D:/Programs/Education/STM32/Tools/Xpack/bin/../lib/gcc/arm-none-eabi/13.2.1/thumb/v7-m/nofp\libgcc.a(_arm_addsubsf3.o)
__aeabi_cfcmpeq                                   D:/Programs/Education/STM32/Tools/Xpack/bin/../lib/gcc/arm-none-eabi/13.2.1/thumb/v7-m/nofp\libgcc.a(_arm_cmpsf2.o)
__aeabi_cfcmple                                   D:/Programs/Education/STM32/Tools/Xpack/bin/../lib/gcc/arm-none-eabi/13.2.1/thumb/v7-m/nofp\libgcc.a(_arm_cmpsf2.o)
__aeabi_cfrcmple                                  D:/Programs/Education/STM32/Tools/Xpack/bin/../lib/gcc/arm-none-eabi/13.2.1/thumb/v7-m/nofp\libgcc.a(_arm_cmpsf2.o)
__aeabi_fadd                                      D:/Programs/Education/STM32/Tools/Xpack/bin/../lib/gcc/arm-none-eabi/13.2.1/thumb/v7-m/nofp\libgcc.a(_arm_addsubsf3.o)
                                                  build_F103C8/main.o
__aeabi_fcmpeq                                    D:/Programs/Education/STM32/Tools/Xpack/bin/../lib/gcc/arm-none-eabi/13.2.1/thumb/v7-m/nofp\libgcc.a(_arm_cmpsf2.o)
__aeabi_fcmpge                                    D:/Programs/Education/STM32/Tools/Xpack/bin/../lib/gcc/arm-none-eabi/13.2.1/thumb/v7-m/nofp\libgcc.a(_arm_cmpsf2.o)
__aeabi_fcmpgt                                    D:/Programs/Education/STM32/Tools/Xpack/bin/../lib/gcc/arm-none-eabi/13.2.1/thumb/v7-m/nofp\libgcc.a(_arm_cmpsf2.o)
                                                  build_F103C8/main.o
__aeabi_fcmple                                    D:/Programs/Education/STM32/Tools/Xpack/bin/../lib/gcc/arm-none-eabi/13.2.1/thumb/v7-m/nofp\libgcc.a(_arm_cmpsf2.o)
__aeabi_fcmplt                                    D:/Programs/Education/STM32/Tools/Xpack/bin/../lib/gcc/arm-none-eabi/13.2.1/thumb/v7-m/nofp\libgcc.a(_arm_cmpsf2.o)
                                                  build_F103C8/main.o
__aeabi_fmul                                      D:/Programs/Education/STM32/Tools/Xpack/bin/../lib/gcc/arm-none-eabi/13.2.1/thumb/v7-m/nofp\libgcc.a(_arm_mulsf3.o)
                                                  build_F103C8/main.o
__aeabi_frsub                                     D:/Programs/Education/STM32/Tools/Xpack/bin/../lib/gcc/arm-none-eabi/13.2.1/thumb/v7-m/nofp\libgcc.a(_arm_addsubsf3.o)
__aeabi_fsub                                      D:/Programs/Education/STM32/Tools/Xpack/bin/../lib/gcc/arm-none-eabi/13.2.1/thumb/v7-m/nofp\libgcc.a(_arm_addsubsf3.o)
                                                  build_F103C8/main.o
__aeabi_i2f                                       D:/Programs/Education/STM32/Tools/Xpack/bin/../lib/gcc/arm-none-eabi/13.2.1/thumb/v7-m/nofp\libgcc.a(_arm_addsubsf3.o)
__aeabi_l2f                                       D:/Programs/Education/STM32/Tools/Xpack/bin/../lib/gcc/arm-none-eabi/13.2.1/thumb/v7-m/nofp\libgcc.a(_arm_addsubsf3.o)
__aeabi_ui2f                                      D:/Programs/Education/STM32/Tools/Xpack/bin/../lib/gcc/arm-none-eabi/13.2.1/thumb/v7-m/nofp\libgcc.a(_arm_addsubsf3.o)
__aeabi_ul2f                                      D:/Programs/Education/STM32/Tools/Xpack/bin/../lib/gcc/arm-none-eabi/13.2.1/thumb/v7-m/nofp\libgcc.a(_arm_addsubsf3.o)
__atexit                                          D:/Programs/Education/STM32/Tools/Xpack/bin/../lib/gcc/arm-none-eabi/13.2.1/../../../../arm-none-eabi/lib/thumb/v7-m/nofp\libc_nano.a(libc_a-__call_atexit.o)
                                                  D:/Programs/Education/STM32/Tools/Xpack/bin/../lib/gcc/arm-none-eabi/13.2.1/../../../../arm-none-eabi/lib/thumb/v7-m/nofp\libc_nano.a(libc_a-__atexit.o)
__atexit0                                         D:/Programs/Education/STM32/Tools/Xpack/bin/../lib/gcc/arm-none-eabi/13.2.1/../../../../arm-none-eabi/lib/thumb/v7-m/nofp\libc_nano.a(libc_a-__atexit.o)
__atexit_dummy                                    D:/Programs/Education/STM32/Tools/Xpack/bin/../lib/gcc/arm-none-eabi/13.2.1/../../../../arm-none-eabi/lib/thumb/v7-m/nofp\libc_nano.a(libc_a-__atexit.o)
__atexit_recursive_mutex                          D:/Programs/Education/STM32/Tools/Xpack/bin/../lib/gcc/arm-none-eabi/13.2.1/../../../../arm-none-eabi/lib/thumb/v7-m/nofp\libc_nano.a(libc_a-__call_atexit.o)
                                                  D:/Programs/Education/STM32/Tools/Xpack/bin/../lib/gcc/arm-none-eabi/13.2.1/../../../../arm-none-eabi/lib/thumb/v7-m/nofp\libc_nano.a(libc_a-__atexit.o)
__bss_end__                                       D:/Programs/Education/STM32/Tools/Xpack/bin/../lib/gcc/arm-none-eabi/13.2.1/../../../../arm-none-eabi/lib/thumb/v7-m/nofp/crt0.o
__bss_start__                                     D:/Programs/Education/STM32/Tools/Xpack/bin/../lib/gcc/arm-none-eabi/13.2.1/../../../../arm-none-eabi/lib/thumb/v7-m/nofp/crt0.o
__call_exitprocs                                  D:/Programs/Education/STM32/Tools/Xpack/bin/../lib/gcc/arm-none-eabi/13.2.1/../../../../arm-none-eabi/lib/thumb/v7-m/nofp\libc_nano.a(libc_a-__call_atexit.o)
                                                  D:/Programs/Education/STM32/Tools/Xpack/bin/../lib/gcc/arm-none-eabi/13.2.1/../../../../arm-none-eabi/lib/thumb/v7-m/nofp\libc_nano.a(libc_a-__atexit.o)
                                                  D:/Programs/Education/STM32/Tools/Xpack/bin/../lib/gcc/arm-none-eabi/13.2.1/../../../../arm-none-eabi/lib/thumb/v7-m/nofp\libc_nano.a(libc_a-exit.o)
__cmpsf2                                          D:/Programs/Education/STM32/Tools/Xpack/bin/../lib/gcc/arm-none-eabi/13.2.1/thumb/v7-m/nofp\libgcc.a(_arm_cmpsf2.o)
__deregister_frame_info                           D:/Programs/Education/STM32/Tools/Xpack/bin/../lib/gcc/arm-none-eabi/13.2.1/thumb/v7-m/nofp/crtbegin.o
__dso_handle                                      D:/Programs/Education/STM32/Tools/Xpack/bin/../lib/gcc/arm-none-eabi/13.2.1/thumb/v7-m/nofp/crtbegin.o
__env                                             build_F103C8/syscalls.o
__eqsf2                                           D:/Programs/Education/STM32/Tools/Xpack/bin/../lib/gcc/arm-none-eabi/13.2.1/thumb/v7-m/nofp\libgcc.a(_arm_cmpsf2.o)
__errno                                           D:/Programs/Education/STM32/Tools/Xpack/bin/../lib/gcc/arm-none-eabi/13.2.1/../../../../arm-none-eabi/lib/thumb/v7-m/nofp\libc_nano.a(libc_a-errno.o)
                                                  build_F103C8/sysmem.o
                                                  build_F103C8/syscalls.o
__fini_array_end                                  D:/Programs/Education/STM32/Tools/Xpack/bin/../lib/gcc/arm-none-eabi/13.2.1/../../../../arm-none-eabi/lib/thumb/v7-m/nofp\libc_nano.a(libc_a-fini.o)
__fini_array_start                                D:/Programs/Education/STM32/Tools/Xpack/bin/../lib/gcc/arm-none-eabi/13.2.1/../../../../arm-none-eabi/lib/thumb/v7-m/nofp\libc_nano.a(libc_a-fini.o)
__floatdisf                                       D:/Programs/Education/STM32/Tools/Xpack/bin/../lib/gcc/arm-none-eabi/13.2.1/thumb/v7-m/nofp\libgcc.a(_arm_addsubsf3.o)
__floatsisf                                       D:/Programs/Education/STM32/Tools/Xpack/bin/../lib/gcc/arm-none-eabi/13.2.1/thumb/v7-m/nofp\libgcc.a(_arm_addsubsf3.o)
__floatundisf                                     D:/Programs/Education/STM32/Tools/Xpack/bin/../lib/gcc/arm-none-eabi/13.2.1/thumb/v7-m/nofp\libgcc.a(_arm_addsubsf3.o)
__floatunsisf                                     D:/Programs/Education/STM32/Tools/Xpack/bin/../lib/gcc/arm-none-eabi/13.2.1/thumb/v7-m/nofp\libgcc.a(_arm_addsubsf3.o)
__fp_lock_all                                     D:/Programs/Education/STM32/Tools/Xpack/bin/../lib/gcc/arm-none-eabi/13.2.1/../../../../arm-none-eabi/lib/thumb/v7-m/nofp\libc_nano.a(libc_a-findfp.o)
__fp_unlock_all                                   D:/Programs/Education/STM32/Tools/Xpack/bin/../lib/gcc/arm-none-eabi/13.2.1/../../../../arm-none-eabi/lib/thumb/v7-m/nofp\libc_nano.a(libc_a-findfp.o)
__gesf2                                           D:/Programs/Education/STM32/Tools/Xpack/bin/../lib/gcc/arm-none-eabi/13.2.1/thumb/v7-m/nofp\libgcc.a(_arm_cmpsf2.o)
__gtsf2                                           D:/Programs/Education/STM32/Tools/Xpack/bin/../lib/gcc/arm-none-eabi/13.2.1/thumb/v7-m/nofp\libgcc.a(_arm_cmpsf2.o)
__init_array_end                                  D:/Programs/Education/STM32/Tools/Xpack/bin/../lib/gcc/arm-none-eabi/13.2.1/../../../../arm-none-eabi/lib/thumb/v7-m/nofp\libc_nano.a(libc_a-init.o)
__init_array_start                                D:/Programs/Education/STM32/Tools/Xpack/bin/../lib/gcc/arm-none-eabi/13.2.1/../../../../arm-none-eabi/lib/thumb/v7-m/nofp\libc_nano.a(libc_a-init.o)
__io_getchar                                      build_F103C8/syscalls.o
__io_putchar                                      build_F103C8/syscalls.o
__lesf2                                           D:/Programs/Education/STM32/Tools/Xpack/bin/../lib/gcc/arm-none-eabi/13.2.1/thumb/v7-m/nofp\libgcc.a(_arm_cmpsf2.o)
__libc_fini_array                                 D:/Programs/Education/STM32/Tools/Xpack/bin/../lib/gcc/arm-none-eabi/13.2.1/../../../../arm-none-eabi/lib/thumb/v7-m/nofp\libc_nano.a(libc_a-fini.o)
                                                  D:/Programs/Education/STM32/Tools/Xpack/bin/../lib/gcc/arm-none-eabi/13.2.1/../../../../arm-none-eabi/lib/thumb/v7-m/nofp/crt0.o
__libc_init_array                                 D:/Programs/Education/STM32/Tools/Xpack/bin/../lib/gcc/arm-none-eabi/13.2.1/../../../../arm-none-eabi/lib/thumb/v7-m/nofp\libc_nano.a(libc_a-init.o)
                                                  build_F103C8/startup_stm32f103xb.o
                                                  D:/Programs/Education/STM32/Tools/Xpack/bin/../lib/gcc/arm-none-eabi/13.2.1/../../../../arm-none-eabi/lib/thumb/v7-m/nofp/crt0.o
__lock___arc4random_mutex                         D:/Programs/Education/STM32/Tools/Xpack/bin/../lib/gcc/arm-none-eabi/13.2.1/../../../../arm-none-eabi/lib/thumb/v7-m/nofp\libc_nano.a(libc_a-lock.o)
__lock___at_quick_exit_mutex                      D:/Programs/Education/STM32/Tools/Xpack/bin/../lib/gcc/arm-none-eabi/13.2.1/../../../../arm-none-eabi/lib/thumb/v7-m/nofp\libc_nano.a(libc_a-lock.o)
__lock___atexit_recursive_mutex                   D:/Programs/Education/STM32/Tools/Xpack/bin/../lib/gcc/arm-none-eabi/13.2.1/../../../../arm-none-eabi/lib/thumb/v7-m/nofp\libc_nano.a(libc_a-lock.o)
                                                  D:/Programs/Education/STM32/Tools/Xpack/bin/../lib/gcc/arm-none-eabi/13.2.1/../../../../arm-none-eabi/lib/thumb/v7-m/nofp\libc_nano.a(libc_a-__call_atexit.o)
__lock___dd_hash_mutex                            D:/Programs/Education/STM32/Tools/Xpack/bin/../lib/gcc/arm-none-eabi/13.2.1/../../../../arm-none-eabi/lib/thumb/v7-m/nofp\libc_nano.a(libc_a-lock.o)
__lock___env_recursive_mutex                      D:/Programs/Education/STM32/Tools/Xpack/bin/../lib/gcc/arm-none-eabi/13.2.1/../../../../arm-none-eabi/lib/thumb/v7-m/nofp\libc_nano.a(libc_a-lock.o)
__lock___malloc_recursive_mutex                   D:/Programs/Education/STM32/Tools/Xpack/bin/../lib/gcc/arm-none-eabi/13.2.1/../../../../arm-none-eabi/lib/thumb/v7-m/nofp\libc_nano.a(libc_a-lock.o)
                                                  D:/Programs/Education/STM32/Tools/Xpack/bin/../lib/gcc/arm-none-eabi/13.2.1/../../../../arm-none-eabi/lib/thumb/v7-m/nofp\libc_nano.a(libc_a-mlock.o)
__lock___sfp_recursive_mutex                      D:/Programs/Education/STM32/Tools/Xpack/bin/../lib/gcc/arm-none-eabi/13.2.1/../../../../arm-none-eabi/lib/thumb/v7-m/nofp\libc_nano.a(libc_a-lock.o)
                                                  D:/Programs/Education/STM32/Tools/Xpack/bin/../lib/gcc/arm-none-eabi/13.2.1/../../../../arm-none-eabi/lib/thumb/v7-m/nofp\libc_nano.a(libc_a-findfp.o)
__lock___tz_mutex                                 D:/Programs/Education/STM32/Tools/Xpack/bin/../lib/gcc/arm-none-eabi/13.2.1/../../../../arm-none-eabi/lib/thumb/v7-m/nofp\libc_nano.a(libc_a-lock.o)
__ltsf2                                           D:/Programs/Education/STM32/Tools/Xpack/bin/../lib/gcc/arm-none-eabi/13.2.1/thumb/v7-m/nofp\libgcc.a(_arm_cmpsf2.o)
__malloc_free_list                                D:/Programs/Education/STM32/Tools/Xpack/bin/../lib/gcc/arm-none-eabi/13.2.1/../../../../arm-none-eabi/lib/thumb/v7-m/nofp\libc_nano.a(libc_a-mallocr.o)
                                                  D:/Programs/Education/STM32/Tools/Xpack/bin/../lib/gcc/arm-none-eabi/13.2.1/../../../../arm-none-eabi/lib/thumb/v7-m/nofp\libc_nano.a(libc_a-freer.o)
__malloc_lock                                     D:/Programs/Education/STM32/Tools/Xpack/bin/../lib/gcc/arm-none-eabi/13.2.1/../../../../arm-none-eabi/lib/thumb/v7-m/nofp\libc_nano.a(libc_a-mlock.o)
                                                  D:/Programs/Education/STM32/Tools/Xpack/bin/../lib/gcc/arm-none-eabi/13.2.1/../../../../arm-none-eabi/lib/thumb/v7-m/nofp\libc_nano.a(libc_a-mallocr.o)
                                                  D:/Programs/Education/STM32/Tools/Xpack/bin/../lib/gcc/arm-none-eabi/13.2.1/../../../../arm-none-eabi/lib/thumb/v7-m/nofp\libc_nano.a(libc_a-freer.o)
__malloc_sbrk_start                               D:/Programs/Education/STM32/Tools/Xpack/bin/../lib/gcc/arm-none-eabi/13.2.1/../../../../arm-none-eabi/lib/thumb/v7-m/nofp\libc_nano.a(libc_a-mallocr.o)
__malloc_unlock                                   D:/Programs/Education/STM32/Tools/Xpack/bin/../lib/gcc/arm-none-eabi/13.2.1/../../../../arm-none-eabi/lib/thumb/v7-m/nofp\libc_nano.a(libc_a-mlock.o)
                                                  D:/Programs/Education/STM32/Tools/Xpack/bin/../lib/gcc/arm-none-eabi/13.2.1/../../../../arm-none-eabi/lib/thumb/v7-m/nofp\libc_nano.a(libc_a-mallocr.o)
                                                  D:/Programs/Education/STM32/Tools/Xpack/bin/../lib/gcc/arm-none-eabi/13.2.1/../../../../arm-none-eabi/lib/thumb/v7-m/nofp\libc_nano.a(libc_a-freer.o)
__mulsf3                                          D:/Programs/Education/STM32/Tools/Xpack/bin/../lib/gcc/arm-none-eabi/13.2.1/thumb/v7-m/nofp\libgcc.a(_arm_mulsf3.o)
__nesf2                                           D:/Programs/Education/STM32/Tools/Xpack/bin/../lib/gcc/arm-none-eabi/13.2.1/thumb/v7-m/nofp\libgcc.a(_arm_cmpsf2.o)
__on_exit_args                                    D:/Programs/Education/STM32/Tools/Xpack/bin/../lib/gcc/arm-none-eabi/13.2.1/../../../../arm-none-eabi/lib/thumb/v7-m/nofp\libc_nano.a(libc_a-__atexit.o)
__preinit_array_end                               D:/Programs/Education/STM32/Tools/Xpack/bin/../lib/gcc/arm-none-eabi/13.2.1/../../../../arm-none-eabi/lib/thumb/v7-m/nofp\libc_nano.a(libc_a-init.o)
__preinit_array_start                             D:/Programs/Education/STM32/Tools/Xpack/bin/../lib/gcc/arm-none-eabi/13.2.1/../../../../arm-none-eabi/lib/thumb/v7-m/nofp\libc_nano.a(libc_a-init.o)
__register_exitproc                               D:/Programs/Education/STM32/Tools/Xpack/bin/../lib/gcc/arm-none-eabi/13.2.1/../../../../arm-none-eabi/lib/thumb/v7-m/nofp\libc_nano.a(libc_a-__atexit.o)
                                                  D:/Programs/Education/STM32/Tools/Xpack/bin/../lib/gcc/arm-none-eabi/13.2.1/../../../../arm-none-eabi/lib/thumb/v7-m/nofp\libc_nano.a(libc_a-atexit.o)
__register_frame_info                             D:/Programs/Education/STM32/Tools/Xpack/bin/../lib/gcc/arm-none-eabi/13.2.1/thumb/v7-m/nofp/crtbegin.o
__retarget_lock_acquire                           D:/Programs/Education/STM32/Tools/Xpack/bin/../lib/gcc/arm-none-eabi/13.2.1/../../../../arm-none-eabi/lib/thumb/v7-m/nofp\libc_nano.a(libc_a-lock.o)
__retarget_lock_acquire_recursive                 D:/Programs/Education/STM32/Tools/Xpack/bin/../lib/gcc/arm-none-eabi/13.2.1/../../../../arm-none-eabi/lib/thumb/v7-m/nofp\libc_nano.a(libc_a-lock.o)
                                                  D:/Programs/Education/STM32/Tools/Xpack/bin/../lib/gcc/arm-none-eabi/13.2.1/../../../../arm-none-eabi/lib/thumb/v7-m/nofp\libc_nano.a(libc_a-fflush.o)
                                                  D:/Programs/Education/STM32/Tools/Xpack/bin/../lib/gcc/arm-none-eabi/13.2.1/../../../../arm-none-eabi/lib/thumb/v7-m/nofp\libc_nano.a(libc_a-mlock.o)
                                                  D:/Programs/Education/STM32/Tools/Xpack/bin/../lib/gcc/arm-none-eabi/13.2.1/../../../../arm-none-eabi/lib/thumb/v7-m/nofp\libc_nano.a(libc_a-__call_atexit.o)
                                                  D:/Programs/Education/STM32/Tools/Xpack/bin/../lib/gcc/arm-none-eabi/13.2.1/../../../../arm-none-eabi/lib/thumb/v7-m/nofp\libc_nano.a(libc_a-__atexit.o)
                                                  D:/Programs/Education/STM32/Tools/Xpack/bin/../lib/gcc/arm-none-eabi/13.2.1/../../../../arm-none-eabi/lib/thumb/v7-m/nofp\libc_nano.a(libc_a-findfp.o)
__retarget_lock_close                             D:/Programs/Education/STM32/Tools/Xpack/bin/../lib/gcc/arm-none-eabi/13.2.1/../../../../arm-none-eabi/lib/thumb/v7-m/nofp\libc_nano.a(libc_a-lock.o)
__retarget_lock_close_recursive                   D:/Programs/Education/STM32/Tools/Xpack/bin/../lib/gcc/arm-none-eabi/13.2.1/../../../../arm-none-eabi/lib/thumb/v7-m/nofp\libc_nano.a(libc_a-lock.o)
__retarget_lock_init                              D:/Programs/Education/STM32/Tools/Xpack/bin/../lib/gcc/arm-none-eabi/13.2.1/../../../../arm-none-eabi/lib/thumb/v7-m/nofp\libc_nano.a(libc_a-lock.o)
__retarget_lock_init_recursive                    D:/Programs/Education/STM32/Tools/Xpack/bin/../lib/gcc/arm-none-eabi/13.2.1/../../../../arm-none-eabi/lib/thumb/v7-m/nofp\libc_nano.a(libc_a-lock.o)
                                                  D:/Programs/Education/STM32/Tools/Xpack/bin/../lib/gcc/arm-none-eabi/13.2.1/../../../../arm-none-eabi/lib/thumb/v7-m/nofp\libc_nano.a(libc_a-findfp.o)
__retarget_lock_release                           D:/Programs/Education/STM32/Tools/Xpack/bin/../lib/gcc/arm-none-eabi/13.2.1/../../../../arm-none-eabi/lib/thumb/v7-m/nofp\libc_nano.a(libc_a-lock.o)
__retarget_lock_release_recursive                 D:/Programs/Education/STM32/Tools/Xpack/bin/../lib/gcc/arm-none-eabi/13.2.1/../../../../arm-none-eabi/lib/thumb/v7-m/nofp\libc_nano.a(libc_a-lock.o)
                                                  D:/Programs/Education/STM32/Tools/Xpack/bin/../lib/gcc/arm-none-eabi/13.2.1/../../../../arm-none-eabi/lib/thumb/v7-m/nofp\libc_nano.a(libc_a-fflush.o)
                                                  D:/Programs/Education/STM32/Tools/Xpack/bin/../lib/gcc/arm-none-eabi/13.2.1/../../../../arm-none-eabi/lib/thumb/v7-m/nofp\libc_nano.a(libc_a-mlock.o)
                                                  D:/Programs/Education/STM32/Tools/Xpack/bin/../lib/gcc/arm-none-eabi/13.2.1/../../../../arm-none-eabi/lib/thumb/v7-m/nofp\libc_nano.a(libc_a-__call_atexit.o)
                                                  D:/Programs/Education/STM32/Tools/Xpack/bin/../lib/gcc/arm-none-eabi/13.2.1/../../../../arm-none-eabi/lib/thumb/v7-m/nofp\libc_nano.a(libc_a-__atexit.o)
                                                  D:/Programs/Education/STM32/Tools/Xpack/bin/../lib/gcc/arm-none-eabi/13.2.1/../../../../arm-none-eabi/lib/thumb/v7-m/nofp\libc_nano.a(libc_a-findfp.o)
__retarget_lock_try_acquire                       D:/Programs/Education/STM32/Tools/Xpack/bin/../lib/gcc/arm-none-eabi/13.2.1/../../../../arm-none-eabi/lib/thumb/v7-m/nofp\libc_nano.a(libc_a-lock.o)
__retarget_lock_try_acquire_recursive             D:/Programs/Education/STM32/Tools/Xpack/bin/../lib/gcc/arm-none-eabi/13.2.1/../../../../arm-none-eabi/lib/thumb/v7-m/nofp\libc_nano.a(libc_a-lock.o)
__sclose                                          D:/Programs/Education/STM32/Tools/Xpack/bin/../lib/gcc/arm-none-eabi/13.2.1/../../../../arm-none-eabi/lib/thumb/v7-m/nofp\libc_nano.a(libc_a-stdio.o)
                                                  D:/Programs/Education/STM32/Tools/Xpack/bin/../lib/gcc/arm-none-eabi/13.2.1/../../../../arm-none-eabi/lib/thumb/v7-m/nofp\libc_nano.a(libc_a-findfp.o)
__seofread                                        D:/Programs/Education/STM32/Tools/Xpack/bin/../lib/gcc/arm-none-eabi/13.2.1/../../../../arm-none-eabi/lib/thumb/v7-m/nofp\libc_nano.a(libc_a-stdio.o)
__sf                                              D:/Programs/Education/STM32/Tools/Xpack/bin/../lib/gcc/arm-none-eabi/13.2.1/../../../../arm-none-eabi/lib/thumb/v7-m/nofp\libc_nano.a(libc_a-findfp.o)
                                                  D:/Programs/Education/STM32/Tools/Xpack/bin/../lib/gcc/arm-none-eabi/13.2.1/../../../../arm-none-eabi/lib/thumb/v7-m/nofp\libc_nano.a(libc_a-impure.o)
__sflush_r                                        D:/Programs/Education/STM32/Tools/Xpack/bin/../lib/gcc/arm-none-eabi/13.2.1/../../../../arm-none-eabi/lib/thumb/v7-m/nofp\libc_nano.a(libc_a-fflush.o)
__sfp                                             D:/Programs/Education/STM32/Tools/Xpack/bin/../lib/gcc/arm-none-eabi/13.2.1/../../../../arm-none-eabi/lib/thumb/v7-m/nofp\libc_nano.a(libc_a-findfp.o)
__sfp_lock_acquire                                D:/Programs/Education/STM32/Tools/Xpack/bin/../lib/gcc/arm-none-eabi/13.2.1/../../../../arm-none-eabi/lib/thumb/v7-m/nofp\libc_nano.a(libc_a-findfp.o)
__sfp_lock_release                                D:/Programs/Education/STM32/Tools/Xpack/bin/../lib/gcc/arm-none-eabi/13.2.1/../../../../arm-none-eabi/lib/thumb/v7-m/nofp\libc_nano.a(libc_a-findfp.o)
__sglue                                           D:/Programs/Education/STM32/Tools/Xpack/bin/../lib/gcc/arm-none-eabi/13.2.1/../../../../arm-none-eabi/lib/thumb/v7-m/nofp\libc_nano.a(libc_a-findfp.o)
                                                  D:/Programs/Education/STM32/Tools/Xpack/bin/../lib/gcc/arm-none-eabi/13.2.1/../../../../arm-none-eabi/lib/thumb/v7-m/nofp\libc_nano.a(libc_a-fflush.o)
__sinit                                           D:/Programs/Education/STM32/Tools/Xpack/bin/../lib/gcc/arm-none-eabi/13.2.1/../../../../arm-none-eabi/lib/thumb/v7-m/nofp\libc_nano.a(libc_a-findfp.o)
                                                  D:/Programs/Education/STM32/Tools/Xpack/bin/../lib/gcc/arm-none-eabi/13.2.1/../../../../arm-none-eabi/lib/thumb/v7-m/nofp\libc_nano.a(libc_a-fflush.o)
__sread                                           D:/Programs/Education/STM32/Tools/Xpack/bin/../lib/gcc/arm-none-eabi/13.2.1/../../../../arm-none-eabi/lib/thumb/v7-m/nofp\libc_nano.a(libc_a-stdio.o)
                                                  D:/Programs/Education/STM32/Tools/Xpack/bin/../lib/gcc/arm-none-eabi/13.2.1/../../../../arm-none-eabi/lib/thumb/v7-m/nofp\libc_nano.a(libc_a-findfp.o)
__sseek                                           D:/Programs/Education/STM32/Tools/Xpack/bin/../lib/gcc/arm-none-eabi/13.2.1/../../../../arm-none-eabi/lib/thumb/v7-m/nofp\libc_nano.a(libc_a-stdio.o)
                                                  D:/Programs/Education/STM32/Tools/Xpack/bin/../lib/gcc/arm-none-eabi/13.2.1/../../../../arm-none-eabi/lib/thumb/v7-m/nofp\libc_nano.a(libc_a-findfp.o)
__stack                                           D:/Programs/Education/STM32/Tools/Xpack/bin/../lib/gcc/arm-none-eabi/13.2.1/../../../../arm-none-eabi/lib/thumb/v7-m/nofp/crt0.o
__stdio_exit_handler                              D:/Programs/Education/STM32/Tools/Xpack/bin/../lib/gcc/arm-none-eabi/13.2.1/../../../../arm-none-eabi/lib/thumb/v7-m/nofp\libc_nano.a(libc_a-findfp.o)
                                                  D:/Programs/Education/STM32/Tools/Xpack/bin/../lib/gcc/arm-none-eabi/13.2.1/../../../../arm-none-eabi/lib/thumb/v7-m/nofp\libc_nano.a(libc_a-exit.o)
__subsf3                                          D:/Programs/Education/STM32/Tools/Xpack/bin/../lib/gcc/arm-none-eabi/13.2.1/thumb/v7-m/nofp\libgcc.a(_arm_addsubsf3.o)
__swrite                                          D:/Programs/Education/STM32/Tools/Xpack/bin/../lib/gcc/arm-none-eabi/13.2.1/../../../../arm-none-eabi/lib/thumb/v7-m/nofp\libc_nano.a(libc_a-stdio.o)
                                                  D:/Programs/Education/STM32/Tools/Xpack/bin/../lib/gcc/arm-none-eabi/13.2.1/../../../../arm-none-eabi/lib/thumb/v7-m/nofp\libc_nano.a(libc_a-findfp.o)
_close                                            build_F103C8/syscalls.o
                                                  D:/Programs/Education/STM32/Tools/Xpack/bin/../lib/gcc/arm-none-eabi/13.2.1/../../../../arm-none-eabi/lib/thumb/v7-m/nofp\libc_nano.a(libc_a-closer.o)
_close_r                                          D:/Programs/Education/STM32/Tools/Xpack/bin/../lib/gcc/arm-none-eabi/13.2.1/../../../../arm-none-eabi/lib/thumb/v7-m/nofp\libc_nano.a(libc_a-closer.o)
                                                  D:/Programs/Education/STM32/Tools/Xpack/bin/../lib/gcc/arm-none-eabi/13.2.1/../../../../arm-none-eabi/lib/thumb/v7-m/nofp\libc_nano.a(libc_a-stdio.o)
_ebss                                             build_F103C8/startup_stm32f103xb.o
_edata                                            build_F103C8/startup_stm32f103xb.o
_end                                              build_F103C8/sysmem.o
_estack                                           build_F103C8/startup_stm32f103xb.o
                                                  build_F103C8/sysmem.o
_execve                                           build_F103C8/syscalls.o
_exit                                             build_F103C8/syscalls.o
                                                  D:/Programs/Education/STM32/Tools/Xpack/bin/../lib/gcc/arm-none-eabi/13.2.1/../../../../arm-none-eabi/lib/thumb/v7-m/nofp\libc_nano.a(libc_a-exit.o)
_fflush_r                                         D:/Programs/Education/STM32/Tools/Xpack/bin/../lib/gcc/arm-none-eabi/13.2.1/../../../../arm-none-eabi/lib/thumb/v7-m/nofp\libc_nano.a(libc_a-fflush.o)
                                                  D:/Programs/Education/STM32/Tools/Xpack/bin/../lib/gcc/arm-none-eabi/13.2.1/../../../../arm-none-eabi/lib/thumb/v7-m/nofp\libc_nano.a(libc_a-findfp.o)
_fini                                             D:/Programs/Education/STM32/Tools/Xpack/bin/../lib/gcc/arm-none-eabi/13.2.1/thumb/v7-m/nofp/crti.o
                                                  D:/Programs/Education/STM32/Tools/Xpack/bin/../lib/gcc/arm-none-eabi/13.2.1/../../../../arm-none-eabi/lib/thumb/v7-m/nofp\libc_nano.a(libc_a-fini.o)
_fork                                             build_F103C8/syscalls.o
_free_r                                           D:/Programs/Education/STM32/Tools/Xpack/bin/../lib/gcc/arm-none-eabi/13.2.1/../../../../arm-none-eabi/lib/thumb/v7-m/nofp\libc_nano.a(libc_a-freer.o)
                                                  D:/Programs/Education/STM32/Tools/Xpack/bin/../lib/gcc/arm-none-eabi/13.2.1/../../../../arm-none-eabi/lib/thumb/v7-m/nofp\libc_nano.a(libc_a-fflush.o)
                                                  D:/Programs/Education/STM32/Tools/Xpack/bin/../lib/gcc/arm-none-eabi/13.2.1/../../../../arm-none-eabi/lib/thumb/v7-m/nofp\libc_nano.a(libc_a-reent.o)
_fstat                                            build_F103C8/syscalls.o
_fwalk_sglue                                      D:/Programs/Education/STM32/Tools/Xpack/bin/../lib/gcc/arm-none-eabi/13.2.1/../../../../arm-none-eabi/lib/thumb/v7-m/nofp\libc_nano.a(libc_a-fwalk.o)
                                                  D:/Programs/Education/STM32/Tools/Xpack/bin/../lib/gcc/arm-none-eabi/13.2.1/../../../../arm-none-eabi/lib/thumb/v7-m/nofp\libc_nano.a(libc_a-fflush.o)
                                                  D:/Programs/Education/STM32/Tools/Xpack/bin/../lib/gcc/arm-none-eabi/13.2.1/../../../../arm-none-eabi/lib/thumb/v7-m/nofp\libc_nano.a(libc_a-findfp.o)
_getpid                                           build_F103C8/syscalls.o
_impure_data                                      D:/Programs/Education/STM32/Tools/Xpack/bin/../lib/gcc/arm-none-eabi/13.2.1/../../../../arm-none-eabi/lib/thumb/v7-m/nofp\libc_nano.a(libc_a-impure.o)
                                                  D:/Programs/Education/STM32/Tools/Xpack/bin/../lib/gcc/arm-none-eabi/13.2.1/../../../../arm-none-eabi/lib/thumb/v7-m/nofp\libc_nano.a(libc_a-fflush.o)
                                                  D:/Programs/Education/STM32/Tools/Xpack/bin/../lib/gcc/arm-none-eabi/13.2.1/../../../../arm-none-eabi/lib/thumb/v7-m/nofp\libc_nano.a(libc_a-findfp.o)
_impure_ptr                                       D:/Programs/Education/STM32/Tools/Xpack/bin/../lib/gcc/arm-none-eabi/13.2.1/../../../../arm-none-eabi/lib/thumb/v7-m/nofp\libc_nano.a(libc_a-impure.o)
                                                  D:/Programs/Education/STM32/Tools/Xpack/bin/../lib/gcc/arm-none-eabi/13.2.1/../../../../arm-none-eabi/lib/thumb/v7-m/nofp\libc_nano.a(libc_a-fflush.o)
                                                  D:/Programs/Education/STM32/Tools/Xpack/bin/../lib/gcc/arm-none-eabi/13.2.1/../../../../arm-none-eabi/lib/thumb/v7-m/nofp\libc_nano.a(libc_a-errno.o)
                                                  D:/Programs/Education/STM32/Tools/Xpack/bin/../lib/gcc/arm-none-eabi/13.2.1/../../../../arm-none-eabi/lib/thumb/v7-m/nofp\libc_nano.a(libc_a-reent.o)
_init                                             D:/Programs/Education/STM32/Tools/Xpack/bin/../lib/gcc/arm-none-eabi/13.2.1/thumb/v7-m/nofp/crti.o
                                                  D:/Programs/Education/STM32/Tools/Xpack/bin/../lib/gcc/arm-none-eabi/13.2.1/../../../../arm-none-eabi/lib/thumb/v7-m/nofp\libc_nano.a(libc_a-init.o)
_isatty                                           build_F103C8/syscalls.o
_kill                                             build_F103C8/syscalls.o
_link                                             build_F103C8/syscalls.o
_lseek                                            build_F103C8/syscalls.o
                                                  D:/Programs/Education/STM32/Tools/Xpack/bin/../lib/gcc/arm-none-eabi/13.2.1/../../../../arm-none-eabi/lib/thumb/v7-m/nofp\libc_nano.a(libc_a-lseekr.o)
_lseek_r                                          D:/Programs/Education/STM32/Tools/Xpack/bin/../lib/gcc/arm-none-eabi/13.2.1/../../../../arm-none-eabi/lib/thumb/v7-m/nofp\libc_nano.a(libc_a-lseekr.o)
                                                  D:/Programs/Education/STM32/Tools/Xpack/bin/../lib/gcc/arm-none-eabi/13.2.1/../../../../arm-none-eabi/lib/thumb/v7-m/nofp\libc_nano.a(libc_a-stdio.o)
_mainCRTStartup                                   D:/Programs/Education/STM32/Tools/Xpack/bin/../lib/gcc/arm-none-eabi/13.2.1/../../../../arm-none-eabi/lib/thumb/v7-m/nofp/crt0.o
_malloc_r                                         D:/Programs/Education/STM32/Tools/Xpack/bin/../lib/gcc/arm-none-eabi/13.2.1/../../../../arm-none-eabi/lib/thumb/v7-m/nofp\libc_nano.a(libc_a-mallocr.o)
                                                  D:/Programs/Education/STM32/Tools/Xpack/bin/../lib/gcc/arm-none-eabi/13.2.1/../../../../arm-none-eabi/lib/thumb/v7-m/nofp\libc_nano.a(libc_a-findfp.o)
_open                                             build_F103C8/syscalls.o
_read                                             build_F103C8/syscalls.o
                                                  D:/Programs/Education/STM32/Tools/Xpack/bin/../lib/gcc/arm-none-eabi/13.2.1/../../../../arm-none-eabi/lib/thumb/v7-m/nofp\libc_nano.a(libc_a-readr.o)
_read_r                                           D:/Programs/Education/STM32/Tools/Xpack/bin/../lib/gcc/arm-none-eabi/13.2.1/../../../../arm-none-eabi/lib/thumb/v7-m/nofp\libc_nano.a(libc_a-readr.o)
                                                  D:/Programs/Education/STM32/Tools/Xpack/bin/../lib/gcc/arm-none-eabi/13.2.1/../../../../arm-none-eabi/lib/thumb/v7-m/nofp\libc_nano.a(libc_a-stdio.o)
_reclaim_reent                                    D:/Programs/Education/STM32/Tools/Xpack/bin/../lib/gcc/arm-none-eabi/13.2.1/../../../../arm-none-eabi/lib/thumb/v7-m/nofp\libc_nano.a(libc_a-reent.o)
_sbrk                                             build_F103C8/sysmem.o
                                                  D:/Programs/Education/STM32/Tools/Xpack/bin/../lib/gcc/arm-none-eabi/13.2.1/../../../../arm-none-eabi/lib/thumb/v7-m/nofp\libc_nano.a(libc_a-sbrkr.o)
_sbrk_r                                           D:/Programs/Education/STM32/Tools/Xpack/bin/../lib/gcc/arm-none-eabi/13.2.1/../../../../arm-none-eabi/lib/thumb/v7-m/nofp\libc_nano.a(libc_a-sbrkr.o)
                                                  D:/Programs/Education/STM32/Tools/Xpack/bin/../lib/gcc/arm-none-eabi/13.2.1/../../../../arm-none-eabi/lib/thumb/v7-m/nofp\libc_nano.a(libc_a-mallocr.o)
_sbss                                             build_F103C8/startup_stm32f103xb.o
_sdata                                            build_F103C8/startup_stm32f103xb.o
_sidata                                           build_F103C8/startup_stm32f103xb.o
_stack_init                                       D:/Programs/Education/STM32/Tools/Xpack/bin/../lib/gcc/arm-none-eabi/13.2.1/../../../../arm-none-eabi/lib/thumb/v7-m/nofp/crt0.o
_start                                            D:/Programs/Education/STM32/Tools/Xpack/bin/../lib/gcc/arm-none-eabi/13.2.1/../../../../arm-none-eabi/lib/thumb/v7-m/nofp/crt0.o
_stat                                             build_F103C8/syscalls.o
_times                                            build_F103C8/syscalls.o
_unlink                                           build_F103C8/syscalls.o
_wait                                             build_F103C8/syscalls.o
_write                                            build_F103C8/syscalls.o
                                                  D:/Programs/Education/STM32/Tools/Xpack/bin/../lib/gcc/arm-none-eabi/13.2.1/../../../../arm-none-eabi/lib/thumb/v7-m/nofp\libc_nano.a(libc_a-writer.o)
_write_r                                          D:/Programs/Education/STM32/Tools/Xpack/bin/../lib/gcc/arm-none-eabi/13.2.1/../../../../arm-none-eabi/lib/thumb/v7-m/nofp\libc_nano.a(libc_a-writer.o)
                                                  D:/Programs/Education/STM32/Tools/Xpack/bin/../lib/gcc/arm-none-eabi/13.2.1/../../../../arm-none-eabi/lib/thumb/v7-m/nofp\libc_nano.a(libc_a-stdio.o)
atexit                                            D:/Programs/Education/STM32/Tools/Xpack/bin/../lib/gcc/arm-none-eabi/13.2.1/../../../../arm-none-eabi/lib/thumb/v7-m/nofp\libc_nano.a(libc_a-atexit.o)
                                                  D:/Programs/Education/STM32/Tools/Xpack/bin/../lib/gcc/arm-none-eabi/13.2.1/../../../../arm-none-eabi/lib/thumb/v7-m/nofp/crt0.o
current_x1                                        build_F103C8/main.o
environ                                           build_F103C8/syscalls.o
errno                                             D:/Programs/Education/STM32/Tools/Xpack/bin/../lib/gcc/arm-none-eabi/13.2.1/../../../../arm-none-eabi/lib/thumb/v7-m/nofp\libc_nano.a(libc_a-reent.o)
                                                  D:/Programs/Education/STM32/Tools/Xpack/bin/../lib/gcc/arm-none-eabi/13.2.1/../../../../arm-none-eabi/lib/thumb/v7-m/nofp\libc_nano.a(libc_a-sbrkr.o)
                                                  D:/Programs/Education/STM32/Tools/Xpack/bin/../lib/gcc/arm-none-eabi/13.2.1/../../../../arm-none-eabi/lib/thumb/v7-m/nofp\libc_nano.a(libc_a-writer.o)
                                                  D:/Programs/Education/STM32/Tools/Xpack/bin/../lib/gcc/arm-none-eabi/13.2.1/../../../../arm-none-eabi/lib/thumb/v7-m/nofp\libc_nano.a(libc_a-readr.o)
                                                  D:/Programs/Education/STM32/Tools/Xpack/bin/../lib/gcc/arm-none-eabi/13.2.1/../../../../arm-none-eabi/lib/thumb/v7-m/nofp\libc_nano.a(libc_a-lseekr.o)
                                                  D:/Programs/Education/STM32/Tools/Xpack/bin/../lib/gcc/arm-none-eabi/13.2.1/../../../../arm-none-eabi/lib/thumb/v7-m/nofp\libc_nano.a(libc_a-closer.o)
exit                                              D:/Programs/Education/STM32/Tools/Xpack/bin/../lib/gcc/arm-none-eabi/13.2.1/../../../../arm-none-eabi/lib/thumb/v7-m/nofp\libc_nano.a(libc_a-exit.o)
                                                  D:/Programs/Education/STM32/Tools/Xpack/bin/../lib/gcc/arm-none-eabi/13.2.1/../../../../arm-none-eabi/lib/thumb/v7-m/nofp/crt0.o
fflush                                            D:/Programs/Education/STM32/Tools/Xpack/bin/../lib/gcc/arm-none-eabi/13.2.1/../../../../arm-none-eabi/lib/thumb/v7-m/nofp\libc_nano.a(libc_a-fflush.o)
g_pfnVectors                                      build_F103C8/startup_stm32f103xb.o
hardware_init_hook                                D:/Programs/Education/STM32/Tools/Xpack/bin/../lib/gcc/arm-none-eabi/13.2.1/../../../../arm-none-eabi/lib/thumb/v7-m/nofp/crt0.o
i_term1                                           build_F103C8/main.o
i_term2                                           build_F103C8/main.o
initialise_monitor_handles                        build_F103C8/syscalls.o
main                                              build_F103C8/main.o
                                                  build_F103C8/startup_stm32f103xb.o
                                                  D:/Programs/Education/STM32/Tools/Xpack/bin/../lib/gcc/arm-none-eabi/13.2.1/../../../../arm-none-eabi/lib/thumb/v7-m/nofp/crt0.o
malloc                                            D:/Programs/Education/STM32/Tools/Xpack/bin/../lib/gcc/arm-none-eabi/13.2.1/../../../../arm-none-eabi/lib/thumb/v7-m/nofp\libc_nano.a(libc_a-__atexit.o)
memset                                            D:/Programs/Education/STM32/Tools/Xpack/bin/../lib/gcc/arm-none-eabi/13.2.1/../../../../arm-none-eabi/lib/thumb/v7-m/nofp\libc_nano.a(libc_a-memset.o)
                                                  D:/Programs/Education/STM32/Tools/Xpack/bin/../lib/gcc/arm-none-eabi/13.2.1/../../../../arm-none-eabi/lib/thumb/v7-m/nofp\libc_nano.a(libc_a-findfp.o)
                                                  D:/Programs/Education/STM32/Tools/Xpack/bin/../lib/gcc/arm-none-eabi/13.2.1/../../../../arm-none-eabi/lib/thumb/v7-m/nofp/crt0.o
software_init_hook                                D:/Programs/Education/STM32/Tools/Xpack/bin/../lib/gcc/arm-none-eabi/13.2.1/../../../../arm-none-eabi/lib/thumb/v7-m/nofp/crt0.o
system_fault                                      build_F103C8/main.o
